// Jest Snapshot v1, https://jestjs.io/docs/snapshot-testing

exports[`Dialog (snapshot) renders DialogContent in open state 1`] = `
<div
  aria-describedby="radix-_r_5_"
  aria-labelledby="radix-_r_4_"
  class="fixed left-[50%] top-[50%] z-50 grid w-full max-w-lg translate-x-[-50%] translate-y-[-50%] gap-4 border bg-background p-6 shadow-lg duration-200 data-[state=open]:animate-in data-[state=closed]:animate-out data-[state=closed]:fade-out-0 data-[state=open]:fade-in-0 data-[state=closed]:zoom-out-95 data-[state=open]:zoom-in-95 data-[state=closed]:slide-out-to-left-1/2 data-[state=closed]:slide-out-to-top-[48%] data-[state=open]:slide-in-from-left-1/2 data-[state=open]:slide-in-from-top-[48%] sm:rounded-lg"
  data-state="open"
  id="radix-_r_3_"
  role="dialog"
  style="pointer-events: auto;"
  tabindex="-1"
>
  <div
    class="flex flex-col space-y-1.5 text-center sm:text-left"
  >
    <h2
      class="text-lg font-semibold leading-none tracking-tight"
      id="radix-_r_4_"
    >
      Title
    </h2>
    <p
      class="text-sm text-muted-foreground"
      id="radix-_r_5_"
    >
      Body
    </p>
  </div>
  <div
    class="flex flex-col-reverse sm:flex-row sm:justify-end sm:space-x-2"
  >
    <button
      class="inline-flex items-center justify-center gap-2 whitespace-nowrap rounded-md text-sm font-medium ring-offset-background transition-colors focus-visible:outline-none focus-visible:ring-2 focus-visible:ring-ring focus-visible:ring-offset-2 disabled:pointer-events-none disabled:opacity-50 [&_svg]:pointer-events-none [&_svg]:size-4 [&_svg]:shrink-0 bg-primary text-primary-foreground hover:bg-primary/90 h-10 px-4 py-2"
    >
      OK
    </button>
  </div>
  <button
    class="absolute right-4 top-4 rounded-sm opacity-70 ring-offset-background transition-opacity hover:opacity-100 focus:outline-none focus:ring-2 focus:ring-ring focus:ring-offset-2 disabled:pointer-events-none data-[state=open]:bg-accent data-[state=open]:text-muted-foreground"
    type="button"
  >
    <svg
      class="lucide lucide-x size-4"
      fill="none"
      height="24"
      stroke="currentColor"
      stroke-linecap="round"
      stroke-linejoin="round"
      stroke-width="2"
      viewBox="0 0 24 24"
      width="24"
      xmlns="http://www.w3.org/2000/svg"
    >
      <path
        d="M18 6 6 18"
      />
      <path
        d="m6 6 12 12"
      />
    </svg>
    <span
      class="sr-only"
    >
      Close
    </span>
  </button>
</div>
`;

exports[`Dialog (snapshot) renders trigger in closed state 1`] = `
<button
  aria-controls="radix-_r_0_"
  aria-expanded="false"
  aria-haspopup="dialog"
  class="inline-flex items-center justify-center gap-2 whitespace-nowrap rounded-md text-sm font-medium ring-offset-background transition-colors focus-visible:outline-none focus-visible:ring-2 focus-visible:ring-ring focus-visible:ring-offset-2 disabled:pointer-events-none disabled:opacity-50 [&_svg]:pointer-events-none [&_svg]:size-4 [&_svg]:shrink-0 bg-primary text-primary-foreground hover:bg-primary/90 h-10 px-4 py-2"
  data-state="closed"
  type="button"
>
  Open dialog
</button>
`;
